2025-10-22 17:06:52.347 [main] INFO 
			api.test.UserTests - ********** Creating User ***********
2025-10-22 17:06:53.905 [main] INFO 
			api.test.UserTests - ***********************User is Created***********************
2025-10-22 17:06:53.909 [main] INFO 
			api.test.UserTests - ***********************Read a User***********************
2025-10-22 17:06:54.052 [main] INFO 
			api.test.UserTests - ********** Updating User info ***********
2025-10-22 17:06:54.138 [main] INFO 
			api.test.UserTests - ***********************Delete a User***********************
2025-10-23 09:52:08.599 [main] INFO 
			api.test.UserTests - ********** Creating User ***********
2025-10-23 09:52:10.293 [main] INFO 
			api.test.UserTests - ***********************User is Created***********************
2025-10-23 09:52:10.297 [main] INFO 
			api.test.UserTests - ***********************Read a User***********************
2025-10-23 09:52:10.396 [main] INFO 
			api.test.UserTests - ********** Displayed the User ***********
2025-10-23 09:52:10.397 [main] INFO 
			api.test.UserTests - ********** Updating User info ***********
2025-10-23 09:52:10.491 [main] INFO 
			api.test.UserTests - ***********************Delete a User***********************
2025-10-26 20:34:20.917 [main] INFO 
			api.test.UserTests - ********** Creating User ***********
2025-10-26 20:34:22.570 [main] INFO 
			api.test.UserTests - ***********************User is Created***********************
2025-10-26 20:34:22.579 [main] INFO 
			api.test.UserTests - ***********************Read a User***********************
2025-10-26 20:34:22.698 [main] INFO 
			api.test.UserTests - ********** Updating User info ***********
2025-10-26 20:34:22.788 [main] INFO 
			api.test.UserTests - ***********************Delete a User***********************
