09:06:28.541 [main] DEBUG org.apache.poi.openxml4j.opc.PackageRelationshipCollection - Parsing relationship: /xl/_rels/workbook.xml.rels
09:06:28.548 [main] DEBUG org.apache.poi.openxml4j.opc.PackageRelationshipCollection - Parsing relationship: /_rels/.rels
09:06:29.837 [main] DEBUG org.apache.http.impl.conn.BasicClientConnectionManager - Get connection for route {s}->https://petstore.swagger.io:443
09:06:29.849 [main] DEBUG org.apache.http.impl.conn.DefaultClientConnectionOperator - Connecting to petstore.swagger.io:443
09:06:32.337 [main] DEBUG org.apache.http.client.protocol.RequestAddCookies - CookieSpec selected: ignoreCookies
09:06:32.338 [main] DEBUG org.apache.http.client.protocol.RequestAuthCache - Auth cache not set in the context
09:06:32.339 [main] DEBUG org.apache.http.client.protocol.RequestTargetAuthentication - Target auth state: UNCHALLENGED
09:06:32.340 [main] DEBUG org.apache.http.client.protocol.RequestProxyAuthentication - Proxy auth state: UNCHALLENGED
09:06:32.341 [main] DEBUG org.apache.http.impl.client.DefaultHttpClient - Attempt 1 to execute request
09:06:32.341 [main] DEBUG org.apache.http.impl.conn.DefaultClientConnection - Sending request: GET /v2user/testUser1 HTTP/1.1
09:06:32.341 [main] DEBUG org.apache.http.wire -  >> "GET /v2user/testUser1 HTTP/1.1[\r][\n]"
09:06:32.343 [main] DEBUG org.apache.http.wire -  >> "Accept: */*[\r][\n]"
09:06:32.343 [main] DEBUG org.apache.http.wire -  >> "Host: petstore.swagger.io[\r][\n]"
09:06:32.343 [main] DEBUG org.apache.http.wire -  >> "Connection: Keep-Alive[\r][\n]"
09:06:32.343 [main] DEBUG org.apache.http.wire -  >> "User-Agent: Apache-HttpClient/4.5.13 (Java/21.0.5)[\r][\n]"
09:06:32.343 [main] DEBUG org.apache.http.wire -  >> "Accept-Encoding: gzip,deflate[\r][\n]"
09:06:32.344 [main] DEBUG org.apache.http.wire -  >> "[\r][\n]"
09:06:32.344 [main] DEBUG org.apache.http.headers - >> GET /v2user/testUser1 HTTP/1.1
09:06:32.344 [main] DEBUG org.apache.http.headers - >> Accept: */*
09:06:32.344 [main] DEBUG org.apache.http.headers - >> Host: petstore.swagger.io
09:06:32.344 [main] DEBUG org.apache.http.headers - >> Connection: Keep-Alive
09:06:32.344 [main] DEBUG org.apache.http.headers - >> User-Agent: Apache-HttpClient/4.5.13 (Java/21.0.5)
09:06:32.344 [main] DEBUG org.apache.http.headers - >> Accept-Encoding: gzip,deflate
09:06:32.645 [main] DEBUG org.apache.http.wire -  << "HTTP/1.1 404 Not Found[\r][\n]"
09:06:32.648 [main] DEBUG org.apache.http.wire -  << "Date: Sun, 01 Feb 2026 14:06:32 GMT[\r][\n]"
09:06:32.648 [main] DEBUG org.apache.http.wire -  << "Content-Type: text/html[\r][\n]"
09:06:32.649 [main] DEBUG org.apache.http.wire -  << "Transfer-Encoding: chunked[\r][\n]"
09:06:32.649 [main] DEBUG org.apache.http.wire -  << "Connection: keep-alive[\r][\n]"
09:06:32.649 [main] DEBUG org.apache.http.wire -  << "Server: nginx[\r][\n]"
09:06:32.650 [main] DEBUG org.apache.http.wire -  << "Vary: Accept-Encoding[\r][\n]"
09:06:32.650 [main] DEBUG org.apache.http.wire -  << "Access-Control-Allow-Origin: *[\r][\n]"
09:06:32.650 [main] DEBUG org.apache.http.wire -  << "Access-Control-Allow-Methods: GET, POST, OPTIONS[\r][\n]"
09:06:32.650 [main] DEBUG org.apache.http.wire -  << "Access-Control-Allow-Headers: DNT,X-CustomHeader,Keep-Alive,User-Agent,X-Requested-With,If-Modified-Since,Cache-Control,Content-Type[\r][\n]"
09:06:32.650 [main] DEBUG org.apache.http.wire -  << "X-Frame-Options: DENY[\r][\n]"
09:06:32.650 [main] DEBUG org.apache.http.wire -  << "Content-Security-Policy: frame-ancestors 'none'[\r][\n]"
09:06:32.650 [main] DEBUG org.apache.http.wire -  << "Content-Encoding: gzip[\r][\n]"
09:06:32.651 [main] DEBUG org.apache.http.wire -  << "[\r][\n]"
09:06:32.651 [main] DEBUG org.apache.http.impl.conn.DefaultClientConnection - Receiving response: HTTP/1.1 404 Not Found
09:06:32.652 [main] DEBUG org.apache.http.headers - << HTTP/1.1 404 Not Found
09:06:32.652 [main] DEBUG org.apache.http.headers - << Date: Sun, 01 Feb 2026 14:06:32 GMT
09:06:32.652 [main] DEBUG org.apache.http.headers - << Content-Type: text/html
09:06:32.652 [main] DEBUG org.apache.http.headers - << Transfer-Encoding: chunked
09:06:32.652 [main] DEBUG org.apache.http.headers - << Connection: keep-alive
09:06:32.652 [main] DEBUG org.apache.http.headers - << Server: nginx
09:06:32.652 [main] DEBUG org.apache.http.headers - << Vary: Accept-Encoding
09:06:32.652 [main] DEBUG org.apache.http.headers - << Access-Control-Allow-Origin: *
09:06:32.653 [main] DEBUG org.apache.http.headers - << Access-Control-Allow-Methods: GET, POST, OPTIONS
09:06:32.653 [main] DEBUG org.apache.http.headers - << Access-Control-Allow-Headers: DNT,X-CustomHeader,Keep-Alive,User-Agent,X-Requested-With,If-Modified-Since,Cache-Control,Content-Type
09:06:32.653 [main] DEBUG org.apache.http.headers - << X-Frame-Options: DENY
09:06:32.653 [main] DEBUG org.apache.http.headers - << Content-Security-Policy: frame-ancestors 'none'
09:06:32.653 [main] DEBUG org.apache.http.headers - << Content-Encoding: gzip
09:06:32.662 [main] DEBUG org.apache.http.impl.client.DefaultHttpClient - Connection can be kept alive indefinitely
09:06:32.670 [main] DEBUG io.restassured.internal.RestAssuredHttpBuilder - Parsing response as: text/html
09:06:32.671 [main] DEBUG org.apache.http.wire -  << "6b[\r][\n]"
09:06:32.672 [main] DEBUG org.apache.http.wire -  << "[0x1f][0x8b][0x8][0x0][0x0][0x0][0x0][0x0][0x4][0x3][0xb3][0xc9]([0xc9][0xcd][0xb1][0xe3][0xe5][0xb2][0xc9]HML[0xb1][0xb3])[0xc9],[0xc9]I[0xb5]310Q[0xf0][0xcb]/Qp[0xcb]/[0xcd]K[0xb1][0xd1][0x87][0x8][0xda][0xe8][0x83][0x95][0x0][0x95]&[0xe5][0xa7]T[0x82][0xb4]$[0xa7][0xe6][0x95][0xa4][0x16][0xd9][0xd9]d[0x18][0xa2][0xeb][0x0][0x8a][0xd8][0xe8]C[0xa5]Af[0x3][0x15]Ayy[0xe9][0x99]y[0x15][0xc8]r[0xfa]0[0xd3][0xf4][0xa1].[0x1][0x0][0xb][0xd9]a3[0x92][0x0][0x0][0x0]"
09:06:32.672 [main] DEBUG org.apache.http.wire -  << "[\r][\n]"
09:06:32.672 [main] DEBUG org.apache.http.wire -  << "0[\r][\n]"
09:06:32.673 [main] DEBUG org.apache.http.wire -  << "[\r][\n]"
09:06:32.673 [main] DEBUG io.restassured.internal.RestAssuredHttpBuilder - Parsed data to instance of: class org.apache.http.conn.EofSensorInputStream
09:06:32.719 [main] DEBUG org.apache.http.impl.conn.BasicClientConnectionManager - Get connection for route {s}->https://petstore.swagger.io:443
09:06:32.719 [main] DEBUG org.apache.http.impl.conn.DefaultClientConnectionOperator - Connecting to petstore.swagger.io:443
09:06:34.624 [main] DEBUG org.apache.http.client.protocol.RequestAddCookies - CookieSpec selected: ignoreCookies
09:06:34.624 [main] DEBUG org.apache.http.client.protocol.RequestAuthCache - Auth cache not set in the context
09:06:34.624 [main] DEBUG org.apache.http.client.protocol.RequestTargetAuthentication - Target auth state: UNCHALLENGED
09:06:34.625 [main] DEBUG org.apache.http.client.protocol.RequestProxyAuthentication - Proxy auth state: UNCHALLENGED
09:06:34.625 [main] DEBUG org.apache.http.impl.client.DefaultHttpClient - Attempt 1 to execute request
09:06:34.625 [main] DEBUG org.apache.http.impl.conn.DefaultClientConnection - Sending request: GET /v2user/testUser2 HTTP/1.1
09:06:34.625 [main] DEBUG org.apache.http.wire -  >> "GET /v2user/testUser2 HTTP/1.1[\r][\n]"
09:06:34.625 [main] DEBUG org.apache.http.wire -  >> "Accept: */*[\r][\n]"
09:06:34.625 [main] DEBUG org.apache.http.wire -  >> "Host: petstore.swagger.io[\r][\n]"
09:06:34.625 [main] DEBUG org.apache.http.wire -  >> "Connection: Keep-Alive[\r][\n]"
09:06:34.626 [main] DEBUG org.apache.http.wire -  >> "User-Agent: Apache-HttpClient/4.5.13 (Java/21.0.5)[\r][\n]"
09:06:34.626 [main] DEBUG org.apache.http.wire -  >> "Accept-Encoding: gzip,deflate[\r][\n]"
09:06:34.626 [main] DEBUG org.apache.http.wire -  >> "[\r][\n]"
09:06:34.626 [main] DEBUG org.apache.http.headers - >> GET /v2user/testUser2 HTTP/1.1
09:06:34.626 [main] DEBUG org.apache.http.headers - >> Accept: */*
09:06:34.626 [main] DEBUG org.apache.http.headers - >> Host: petstore.swagger.io
09:06:34.626 [main] DEBUG org.apache.http.headers - >> Connection: Keep-Alive
09:06:34.626 [main] DEBUG org.apache.http.headers - >> User-Agent: Apache-HttpClient/4.5.13 (Java/21.0.5)
09:06:34.626 [main] DEBUG org.apache.http.headers - >> Accept-Encoding: gzip,deflate
09:06:34.944 [main] DEBUG org.apache.http.wire -  << "HTTP/1.1 404 Not Found[\r][\n]"
09:06:34.944 [main] DEBUG org.apache.http.wire -  << "Date: Sun, 01 Feb 2026 14:06:34 GMT[\r][\n]"
09:06:34.944 [main] DEBUG org.apache.http.wire -  << "Content-Type: text/html[\r][\n]"
09:06:34.945 [main] DEBUG org.apache.http.wire -  << "Transfer-Encoding: chunked[\r][\n]"
09:06:34.945 [main] DEBUG org.apache.http.wire -  << "Connection: keep-alive[\r][\n]"
09:06:34.945 [main] DEBUG org.apache.http.wire -  << "Server: nginx[\r][\n]"
09:06:34.945 [main] DEBUG org.apache.http.wire -  << "Vary: Accept-Encoding[\r][\n]"
09:06:34.945 [main] DEBUG org.apache.http.wire -  << "Access-Control-Allow-Origin: *[\r][\n]"
09:06:34.945 [main] DEBUG org.apache.http.wire -  << "Access-Control-Allow-Methods: GET, POST, OPTIONS[\r][\n]"
09:06:34.945 [main] DEBUG org.apache.http.wire -  << "Access-Control-Allow-Headers: DNT,X-CustomHeader,Keep-Alive,User-Agent,X-Requested-With,If-Modified-Since,Cache-Control,Content-Type[\r][\n]"
09:06:34.946 [main] DEBUG org.apache.http.wire -  << "X-Frame-Options: DENY[\r][\n]"
09:06:34.946 [main] DEBUG org.apache.http.wire -  << "Content-Security-Policy: frame-ancestors 'none'[\r][\n]"
09:06:34.946 [main] DEBUG org.apache.http.wire -  << "Content-Encoding: gzip[\r][\n]"
09:06:34.946 [main] DEBUG org.apache.http.wire -  << "[\r][\n]"
09:06:34.946 [main] DEBUG org.apache.http.impl.conn.DefaultClientConnection - Receiving response: HTTP/1.1 404 Not Found
09:06:34.946 [main] DEBUG org.apache.http.headers - << HTTP/1.1 404 Not Found
09:06:34.946 [main] DEBUG org.apache.http.headers - << Date: Sun, 01 Feb 2026 14:06:34 GMT
09:06:34.946 [main] DEBUG org.apache.http.headers - << Content-Type: text/html
09:06:34.946 [main] DEBUG org.apache.http.headers - << Transfer-Encoding: chunked
09:06:34.947 [main] DEBUG org.apache.http.headers - << Connection: keep-alive
09:06:34.947 [main] DEBUG org.apache.http.headers - << Server: nginx
09:06:34.947 [main] DEBUG org.apache.http.headers - << Vary: Accept-Encoding
09:06:34.947 [main] DEBUG org.apache.http.headers - << Access-Control-Allow-Origin: *
09:06:34.947 [main] DEBUG org.apache.http.headers - << Access-Control-Allow-Methods: GET, POST, OPTIONS
09:06:34.947 [main] DEBUG org.apache.http.headers - << Access-Control-Allow-Headers: DNT,X-CustomHeader,Keep-Alive,User-Agent,X-Requested-With,If-Modified-Since,Cache-Control,Content-Type
09:06:34.947 [main] DEBUG org.apache.http.headers - << X-Frame-Options: DENY
09:06:34.947 [main] DEBUG org.apache.http.headers - << Content-Security-Policy: frame-ancestors 'none'
09:06:34.947 [main] DEBUG org.apache.http.headers - << Content-Encoding: gzip
09:06:34.948 [main] DEBUG org.apache.http.impl.client.DefaultHttpClient - Connection can be kept alive indefinitely
09:06:34.948 [main] DEBUG io.restassured.internal.RestAssuredHttpBuilder - Parsing response as: text/html
09:06:34.948 [main] DEBUG org.apache.http.wire -  << "6b[\r][\n]"
09:06:34.949 [main] DEBUG org.apache.http.wire -  << "[0x1f][0x8b][0x8][0x0][0x0][0x0][0x0][0x0][0x4][0x3][0xb3][0xc9]([0xc9][0xcd][0xb1][0xe3][0xe5][0xb2][0xc9]HML[0xb1][0xb3])[0xc9],[0xc9]I[0xb5]310Q[0xf0][0xcb]/Qp[0xcb]/[0xcd]K[0xb1][0xd1][0x87][0x8][0xda][0xe8][0x83][0x95][0x0][0x95]&[0xe5][0xa7]T[0x82][0xb4]$[0xa7][0xe6][0x95][0xa4][0x16][0xd9][0xd9]d[0x18][0xa2][0xeb][0x0][0x8a][0xd8][0xe8]C[0xa5]Af[0x3][0x15]Ayy[0xe9][0x99]y[0x15][0xc8]r[0xfa]0[0xd3][0xf4][0xa1].[0x1][0x0][0xb][0xd9]a3[0x92][0x0][0x0][0x0]"
09:06:34.949 [main] DEBUG org.apache.http.wire -  << "[\r][\n]"
09:06:34.949 [main] DEBUG org.apache.http.wire -  << "0[\r][\n]"
09:06:34.950 [main] DEBUG org.apache.http.wire -  << "[\r][\n]"
09:06:34.950 [main] DEBUG io.restassured.internal.RestAssuredHttpBuilder - Parsed data to instance of: class org.apache.http.conn.EofSensorInputStream
09:06:34.973 [main] DEBUG org.apache.http.impl.conn.BasicClientConnectionManager - Get connection for route {s}->https://petstore.swagger.io:443
09:06:34.973 [main] DEBUG org.apache.http.impl.conn.DefaultClientConnectionOperator - Connecting to petstore.swagger.io:443
09:06:37.402 [main] DEBUG org.apache.http.client.protocol.RequestAddCookies - CookieSpec selected: ignoreCookies
09:06:37.402 [main] DEBUG org.apache.http.client.protocol.RequestAuthCache - Auth cache not set in the context
09:06:37.402 [main] DEBUG org.apache.http.client.protocol.RequestTargetAuthentication - Target auth state: UNCHALLENGED
09:06:37.403 [main] DEBUG org.apache.http.client.protocol.RequestProxyAuthentication - Proxy auth state: UNCHALLENGED
09:06:37.403 [main] DEBUG org.apache.http.impl.client.DefaultHttpClient - Attempt 1 to execute request
09:06:37.403 [main] DEBUG org.apache.http.impl.conn.DefaultClientConnection - Sending request: GET /v2user/testUser3 HTTP/1.1
09:06:37.403 [main] DEBUG org.apache.http.wire -  >> "GET /v2user/testUser3 HTTP/1.1[\r][\n]"
09:06:37.403 [main] DEBUG org.apache.http.wire -  >> "Accept: */*[\r][\n]"
09:06:37.403 [main] DEBUG org.apache.http.wire -  >> "Host: petstore.swagger.io[\r][\n]"
09:06:37.404 [main] DEBUG org.apache.http.wire -  >> "Connection: Keep-Alive[\r][\n]"
09:06:37.404 [main] DEBUG org.apache.http.wire -  >> "User-Agent: Apache-HttpClient/4.5.13 (Java/21.0.5)[\r][\n]"
09:06:37.404 [main] DEBUG org.apache.http.wire -  >> "Accept-Encoding: gzip,deflate[\r][\n]"
09:06:37.404 [main] DEBUG org.apache.http.wire -  >> "[\r][\n]"
09:06:37.404 [main] DEBUG org.apache.http.headers - >> GET /v2user/testUser3 HTTP/1.1
09:06:37.405 [main] DEBUG org.apache.http.headers - >> Accept: */*
09:06:37.405 [main] DEBUG org.apache.http.headers - >> Host: petstore.swagger.io
09:06:37.405 [main] DEBUG org.apache.http.headers - >> Connection: Keep-Alive
09:06:37.405 [main] DEBUG org.apache.http.headers - >> User-Agent: Apache-HttpClient/4.5.13 (Java/21.0.5)
09:06:37.405 [main] DEBUG org.apache.http.headers - >> Accept-Encoding: gzip,deflate
09:06:37.720 [main] DEBUG org.apache.http.wire -  << "HTTP/1.1 404 Not Found[\r][\n]"
09:06:37.721 [main] DEBUG org.apache.http.wire -  << "Date: Sun, 01 Feb 2026 14:06:37 GMT[\r][\n]"
09:06:37.721 [main] DEBUG org.apache.http.wire -  << "Content-Type: text/html[\r][\n]"
09:06:37.722 [main] DEBUG org.apache.http.wire -  << "Transfer-Encoding: chunked[\r][\n]"
09:06:37.722 [main] DEBUG org.apache.http.wire -  << "Connection: keep-alive[\r][\n]"
09:06:37.722 [main] DEBUG org.apache.http.wire -  << "Server: nginx[\r][\n]"
09:06:37.723 [main] DEBUG org.apache.http.wire -  << "Vary: Accept-Encoding[\r][\n]"
09:06:37.723 [main] DEBUG org.apache.http.wire -  << "Access-Control-Allow-Origin: *[\r][\n]"
09:06:37.723 [main] DEBUG org.apache.http.wire -  << "Access-Control-Allow-Methods: GET, POST, OPTIONS[\r][\n]"
09:06:37.723 [main] DEBUG org.apache.http.wire -  << "Access-Control-Allow-Headers: DNT,X-CustomHeader,Keep-Alive,User-Agent,X-Requested-With,If-Modified-Since,Cache-Control,Content-Type[\r][\n]"
09:06:37.723 [main] DEBUG org.apache.http.wire -  << "X-Frame-Options: DENY[\r][\n]"
09:06:37.724 [main] DEBUG org.apache.http.wire -  << "Content-Security-Policy: frame-ancestors 'none'[\r][\n]"
09:06:37.724 [main] DEBUG org.apache.http.wire -  << "Content-Encoding: gzip[\r][\n]"
09:06:37.724 [main] DEBUG org.apache.http.wire -  << "[\r][\n]"
09:06:37.725 [main] DEBUG org.apache.http.impl.conn.DefaultClientConnection - Receiving response: HTTP/1.1 404 Not Found
09:06:37.725 [main] DEBUG org.apache.http.headers - << HTTP/1.1 404 Not Found
09:06:37.725 [main] DEBUG org.apache.http.headers - << Date: Sun, 01 Feb 2026 14:06:37 GMT
09:06:37.725 [main] DEBUG org.apache.http.headers - << Content-Type: text/html
09:06:37.725 [main] DEBUG org.apache.http.headers - << Transfer-Encoding: chunked
09:06:37.725 [main] DEBUG org.apache.http.headers - << Connection: keep-alive
09:06:37.725 [main] DEBUG org.apache.http.headers - << Server: nginx
09:06:37.725 [main] DEBUG org.apache.http.headers - << Vary: Accept-Encoding
09:06:37.725 [main] DEBUG org.apache.http.headers - << Access-Control-Allow-Origin: *
09:06:37.725 [main] DEBUG org.apache.http.headers - << Access-Control-Allow-Methods: GET, POST, OPTIONS
09:06:37.726 [main] DEBUG org.apache.http.headers - << Access-Control-Allow-Headers: DNT,X-CustomHeader,Keep-Alive,User-Agent,X-Requested-With,If-Modified-Since,Cache-Control,Content-Type
09:06:37.726 [main] DEBUG org.apache.http.headers - << X-Frame-Options: DENY
09:06:37.726 [main] DEBUG org.apache.http.headers - << Content-Security-Policy: frame-ancestors 'none'
09:06:37.727 [main] DEBUG org.apache.http.headers - << Content-Encoding: gzip
09:06:37.727 [main] DEBUG org.apache.http.impl.client.DefaultHttpClient - Connection can be kept alive indefinitely
09:06:37.727 [main] DEBUG io.restassured.internal.RestAssuredHttpBuilder - Parsing response as: text/html
09:06:37.728 [main] DEBUG org.apache.http.wire -  << "6b[\r][\n]"
09:06:37.728 [main] DEBUG org.apache.http.wire -  << "[0x1f][0x8b][0x8][0x0][0x0][0x0][0x0][0x0][0x4][0x3][0xb3][0xc9]([0xc9][0xcd][0xb1][0xe3][0xe5][0xb2][0xc9]HML[0xb1][0xb3])[0xc9],[0xc9]I[0xb5]310Q[0xf0][0xcb]/Qp[0xcb]/[0xcd]K[0xb1][0xd1][0x87][0x8][0xda][0xe8][0x83][0x95][0x0][0x95]&[0xe5][0xa7]T[0x82][0xb4]$[0xa7][0xe6][0x95][0xa4][0x16][0xd9][0xd9]d[0x18][0xa2][0xeb][0x0][0x8a][0xd8][0xe8]C[0xa5]Af[0x3][0x15]Ayy[0xe9][0x99]y[0x15][0xc8]r[0xfa]0[0xd3][0xf4][0xa1].[0x1][0x0][0xb][0xd9]a3[0x92][0x0][0x0][0x0]"
09:06:37.728 [main] DEBUG org.apache.http.wire -  << "[\r][\n]"
09:06:37.729 [main] DEBUG org.apache.http.wire -  << "0[\r][\n]"
09:06:37.729 [main] DEBUG org.apache.http.wire -  << "[\r][\n]"
09:06:37.729 [main] DEBUG io.restassured.internal.RestAssuredHttpBuilder - Parsed data to instance of: class org.apache.http.conn.EofSensorInputStream
09:07:08.368 [main] INFO  api.test.UserTests - ********** Creating User ***********
09:07:09.463 [main] DEBUG org.apache.http.impl.conn.BasicClientConnectionManager - Get connection for route {s}->https://petstore.swagger.io:443
09:07:09.542 [main] DEBUG org.apache.http.impl.conn.DefaultClientConnectionOperator - Connecting to petstore.swagger.io:443
09:07:10.986 [main] DEBUG org.apache.http.client.protocol.RequestAddCookies - CookieSpec selected: ignoreCookies
09:07:10.989 [main] DEBUG org.apache.http.client.protocol.RequestAuthCache - Auth cache not set in the context
09:07:10.989 [main] DEBUG org.apache.http.client.protocol.RequestTargetAuthentication - Target auth state: UNCHALLENGED
09:07:10.989 [main] DEBUG org.apache.http.client.protocol.RequestProxyAuthentication - Proxy auth state: UNCHALLENGED
09:07:10.989 [main] DEBUG org.apache.http.impl.client.DefaultHttpClient - Attempt 1 to execute request
09:07:10.990 [main] DEBUG org.apache.http.impl.conn.DefaultClientConnection - Sending request: POST /v2/user HTTP/1.1
09:07:10.990 [main] DEBUG org.apache.http.wire -  >> "POST /v2/user HTTP/1.1[\r][\n]"
09:07:10.990 [main] DEBUG org.apache.http.wire -  >> "Accept: application/json, application/javascript, text/javascript, text/json[\r][\n]"
09:07:10.990 [main] DEBUG org.apache.http.wire -  >> "Content-Type: application/json[\r][\n]"
09:07:10.990 [main] DEBUG org.apache.http.wire -  >> "Content-Length: 183[\r][\n]"
09:07:10.990 [main] DEBUG org.apache.http.wire -  >> "Host: petstore.swagger.io[\r][\n]"
09:07:10.990 [main] DEBUG org.apache.http.wire -  >> "Connection: Keep-Alive[\r][\n]"
09:07:10.990 [main] DEBUG org.apache.http.wire -  >> "User-Agent: Apache-HttpClient/4.5.13 (Java/21.0.5)[\r][\n]"
09:07:10.990 [main] DEBUG org.apache.http.wire -  >> "Accept-Encoding: gzip,deflate[\r][\n]"
09:07:10.990 [main] DEBUG org.apache.http.wire -  >> "[\r][\n]"
09:07:10.990 [main] DEBUG org.apache.http.headers - >> POST /v2/user HTTP/1.1
09:07:10.990 [main] DEBUG org.apache.http.headers - >> Accept: application/json, application/javascript, text/javascript, text/json
09:07:10.990 [main] DEBUG org.apache.http.headers - >> Content-Type: application/json
09:07:10.990 [main] DEBUG org.apache.http.headers - >> Content-Length: 183
09:07:10.990 [main] DEBUG org.apache.http.headers - >> Host: petstore.swagger.io
09:07:10.991 [main] DEBUG org.apache.http.headers - >> Connection: Keep-Alive
09:07:10.991 [main] DEBUG org.apache.http.headers - >> User-Agent: Apache-HttpClient/4.5.13 (Java/21.0.5)
09:07:10.991 [main] DEBUG org.apache.http.headers - >> Accept-Encoding: gzip,deflate
09:07:10.992 [main] DEBUG org.apache.http.wire -  >> "{"id":18242360,"username":"garfield.hilll","firstName":"Eleanore","lastName":"Monahan","email":"noe.pouros@example.com","password":"6mezum7og","phone":"1-566-434-6310","userStatus":0}"
09:07:11.305 [main] DEBUG org.apache.http.wire -  << "HTTP/1.1 200 OK[\r][\n]"
09:07:11.308 [main] DEBUG org.apache.http.wire -  << "Date: Sun, 01 Feb 2026 14:07:11 GMT[\r][\n]"
09:07:11.309 [main] DEBUG org.apache.http.wire -  << "Content-Type: application/json[\r][\n]"
09:07:11.309 [main] DEBUG org.apache.http.wire -  << "Transfer-Encoding: chunked[\r][\n]"
09:07:11.309 [main] DEBUG org.apache.http.wire -  << "Connection: keep-alive[\r][\n]"
09:07:11.309 [main] DEBUG org.apache.http.wire -  << "Access-Control-Allow-Origin: *[\r][\n]"
09:07:11.309 [main] DEBUG org.apache.http.wire -  << "Access-Control-Allow-Methods: GET, POST, DELETE, PUT[\r][\n]"
09:07:11.309 [main] DEBUG org.apache.http.wire -  << "Access-Control-Allow-Headers: Content-Type, api_key, Authorization[\r][\n]"
09:07:11.309 [main] DEBUG org.apache.http.wire -  << "Server: Jetty(9.2.9.v20150224)[\r][\n]"
09:07:11.310 [main] DEBUG org.apache.http.wire -  << "[\r][\n]"
09:07:11.311 [main] DEBUG org.apache.http.impl.conn.DefaultClientConnection - Receiving response: HTTP/1.1 200 OK
09:07:11.311 [main] DEBUG org.apache.http.headers - << HTTP/1.1 200 OK
09:07:11.311 [main] DEBUG org.apache.http.headers - << Date: Sun, 01 Feb 2026 14:07:11 GMT
09:07:11.311 [main] DEBUG org.apache.http.headers - << Content-Type: application/json
09:07:11.311 [main] DEBUG org.apache.http.headers - << Transfer-Encoding: chunked
09:07:11.311 [main] DEBUG org.apache.http.headers - << Connection: keep-alive
09:07:11.311 [main] DEBUG org.apache.http.headers - << Access-Control-Allow-Origin: *
09:07:11.311 [main] DEBUG org.apache.http.headers - << Access-Control-Allow-Methods: GET, POST, DELETE, PUT
09:07:11.311 [main] DEBUG org.apache.http.headers - << Access-Control-Allow-Headers: Content-Type, api_key, Authorization
09:07:11.311 [main] DEBUG org.apache.http.headers - << Server: Jetty(9.2.9.v20150224)
09:07:11.318 [main] DEBUG org.apache.http.impl.client.DefaultHttpClient - Connection can be kept alive indefinitely
09:07:11.324 [main] DEBUG io.restassured.internal.RestAssuredHttpBuilder - Parsing response as: application/json
09:07:11.324 [main] DEBUG io.restassured.internal.RestAssuredHttpBuilder - Parsed data to instance of: class org.apache.http.conn.EofSensorInputStream
09:07:11.355 [main] DEBUG org.apache.http.wire -  << "32[\r][\n]"
09:07:11.356 [main] DEBUG org.apache.http.wire -  << "{"code":200,"type":"unknown","message":"18242360"}"
09:07:11.356 [main] DEBUG org.apache.http.wire -  << "[\r][\n]"
09:07:11.356 [main] DEBUG org.apache.http.wire -  << "0[\r][\n]"
09:07:11.356 [main] DEBUG org.apache.http.wire -  << "[\r][\n]"
09:07:11.356 [main] DEBUG org.apache.http.impl.conn.BasicClientConnectionManager - Releasing connection org.apache.http.impl.conn.ManagedClientConnectionImpl@48860139
09:07:11.356 [main] DEBUG org.apache.http.impl.conn.BasicClientConnectionManager - Connection can be kept alive indefinitely
09:07:11.378 [main] INFO  api.test.UserTests - ***********************User is Created***********************
09:07:11.383 [main] INFO  api.test.UserTests - ***********************Read a User***********************
09:07:11.412 [main] DEBUG org.apache.http.impl.conn.BasicClientConnectionManager - Get connection for route {s}->https://petstore.swagger.io:443
09:07:11.412 [main] DEBUG org.apache.http.impl.conn.DefaultClientConnectionOperator - Connecting to petstore.swagger.io:443
09:07:12.603 [main] DEBUG org.apache.http.client.protocol.RequestAddCookies - CookieSpec selected: ignoreCookies
09:07:12.603 [main] DEBUG org.apache.http.client.protocol.RequestAuthCache - Auth cache not set in the context
09:07:12.603 [main] DEBUG org.apache.http.client.protocol.RequestTargetAuthentication - Target auth state: UNCHALLENGED
09:07:12.603 [main] DEBUG org.apache.http.client.protocol.RequestProxyAuthentication - Proxy auth state: UNCHALLENGED
09:07:12.603 [main] DEBUG org.apache.http.impl.client.DefaultHttpClient - Attempt 1 to execute request
09:07:12.604 [main] DEBUG org.apache.http.impl.conn.DefaultClientConnection - Sending request: GET /v2/user/garfield.hilll HTTP/1.1
09:07:12.604 [main] DEBUG org.apache.http.wire -  >> "GET /v2/user/garfield.hilll HTTP/1.1[\r][\n]"
09:07:12.604 [main] DEBUG org.apache.http.wire -  >> "Accept: */*[\r][\n]"
09:07:12.604 [main] DEBUG org.apache.http.wire -  >> "Host: petstore.swagger.io[\r][\n]"
09:07:12.604 [main] DEBUG org.apache.http.wire -  >> "Connection: Keep-Alive[\r][\n]"
09:07:12.604 [main] DEBUG org.apache.http.wire -  >> "User-Agent: Apache-HttpClient/4.5.13 (Java/21.0.5)[\r][\n]"
09:07:12.604 [main] DEBUG org.apache.http.wire -  >> "Accept-Encoding: gzip,deflate[\r][\n]"
09:07:12.604 [main] DEBUG org.apache.http.wire -  >> "[\r][\n]"
09:07:12.604 [main] DEBUG org.apache.http.headers - >> GET /v2/user/garfield.hilll HTTP/1.1
09:07:12.604 [main] DEBUG org.apache.http.headers - >> Accept: */*
09:07:12.604 [main] DEBUG org.apache.http.headers - >> Host: petstore.swagger.io
09:07:12.604 [main] DEBUG org.apache.http.headers - >> Connection: Keep-Alive
09:07:12.604 [main] DEBUG org.apache.http.headers - >> User-Agent: Apache-HttpClient/4.5.13 (Java/21.0.5)
09:07:12.604 [main] DEBUG org.apache.http.headers - >> Accept-Encoding: gzip,deflate
09:07:13.823 [main] DEBUG org.apache.http.wire -  << "HTTP/1.1 200 OK[\r][\n]"
09:07:13.823 [main] DEBUG org.apache.http.wire -  << "Date: Sun, 01 Feb 2026 14:07:12 GMT[\r][\n]"
09:07:13.824 [main] DEBUG org.apache.http.wire -  << "Content-Type: application/json[\r][\n]"
09:07:13.824 [main] DEBUG org.apache.http.wire -  << "Transfer-Encoding: chunked[\r][\n]"
09:07:13.824 [main] DEBUG org.apache.http.wire -  << "Connection: keep-alive[\r][\n]"
09:07:13.824 [main] DEBUG org.apache.http.wire -  << "Access-Control-Allow-Origin: *[\r][\n]"
09:07:13.824 [main] DEBUG org.apache.http.wire -  << "Access-Control-Allow-Methods: GET, POST, DELETE, PUT[\r][\n]"
09:07:13.824 [main] DEBUG org.apache.http.wire -  << "Access-Control-Allow-Headers: Content-Type, api_key, Authorization[\r][\n]"
09:07:13.824 [main] DEBUG org.apache.http.wire -  << "Server: Jetty(9.2.9.v20150224)[\r][\n]"
09:07:13.825 [main] DEBUG org.apache.http.wire -  << "[\r][\n]"
09:07:13.825 [main] DEBUG org.apache.http.impl.conn.DefaultClientConnection - Receiving response: HTTP/1.1 200 OK
09:07:13.825 [main] DEBUG org.apache.http.headers - << HTTP/1.1 200 OK
09:07:13.825 [main] DEBUG org.apache.http.headers - << Date: Sun, 01 Feb 2026 14:07:12 GMT
09:07:13.825 [main] DEBUG org.apache.http.headers - << Content-Type: application/json
09:07:13.825 [main] DEBUG org.apache.http.headers - << Transfer-Encoding: chunked
09:07:13.825 [main] DEBUG org.apache.http.headers - << Connection: keep-alive
09:07:13.825 [main] DEBUG org.apache.http.headers - << Access-Control-Allow-Origin: *
09:07:13.826 [main] DEBUG org.apache.http.headers - << Access-Control-Allow-Methods: GET, POST, DELETE, PUT
09:07:13.826 [main] DEBUG org.apache.http.headers - << Access-Control-Allow-Headers: Content-Type, api_key, Authorization
09:07:13.826 [main] DEBUG org.apache.http.headers - << Server: Jetty(9.2.9.v20150224)
09:07:13.826 [main] DEBUG org.apache.http.impl.client.DefaultHttpClient - Connection can be kept alive indefinitely
09:07:13.827 [main] DEBUG io.restassured.internal.RestAssuredHttpBuilder - Parsing response as: application/json
09:07:13.827 [main] DEBUG io.restassured.internal.RestAssuredHttpBuilder - Parsed data to instance of: class org.apache.http.conn.EofSensorInputStream
09:07:13.828 [main] DEBUG org.apache.http.wire -  << "b7[\r][\n]"
09:07:13.828 [main] DEBUG org.apache.http.wire -  << "{"id":18242360,"username":"garfield.hilll","firstName":"Eleanore","lastName":"Monahan","email":"noe.pouros@example.com","password":"6mezum7og","phone":"1-566-434-6310","userStatus":0}"
09:07:13.828 [main] DEBUG org.apache.http.wire -  << "[\r][\n]"
09:07:13.829 [main] DEBUG org.apache.http.wire -  << "0[\r][\n]"
09:07:13.829 [main] DEBUG org.apache.http.wire -  << "[\r][\n]"
09:07:13.829 [main] DEBUG org.apache.http.impl.conn.BasicClientConnectionManager - Releasing connection org.apache.http.impl.conn.ManagedClientConnectionImpl@dbda472
09:07:13.829 [main] DEBUG org.apache.http.impl.conn.BasicClientConnectionManager - Connection can be kept alive indefinitely
09:07:13.831 [main] INFO  api.test.UserTests - ********** Displayed the User ***********
09:07:13.834 [main] INFO  api.test.UserTests - ********** Updating User info ***********
09:07:13.857 [main] DEBUG org.apache.http.impl.conn.BasicClientConnectionManager - Get connection for route {s}->https://petstore.swagger.io:443
09:07:13.858 [main] DEBUG org.apache.http.impl.conn.DefaultClientConnectionOperator - Connecting to petstore.swagger.io:443
09:07:15.114 [main] DEBUG org.apache.http.client.protocol.RequestAddCookies - CookieSpec selected: ignoreCookies
09:07:15.115 [main] DEBUG org.apache.http.client.protocol.RequestAuthCache - Auth cache not set in the context
09:07:15.115 [main] DEBUG org.apache.http.client.protocol.RequestTargetAuthentication - Target auth state: UNCHALLENGED
09:07:15.115 [main] DEBUG org.apache.http.client.protocol.RequestProxyAuthentication - Proxy auth state: UNCHALLENGED
09:07:15.115 [main] DEBUG org.apache.http.impl.client.DefaultHttpClient - Attempt 1 to execute request
09:07:15.116 [main] DEBUG org.apache.http.impl.conn.DefaultClientConnection - Sending request: POST /v2/user/garfield.hilll HTTP/1.1
09:07:15.116 [main] DEBUG org.apache.http.wire -  >> "POST /v2/user/garfield.hilll HTTP/1.1[\r][\n]"
09:07:15.116 [main] DEBUG org.apache.http.wire -  >> "Accept: application/json, application/javascript, text/javascript, text/json[\r][\n]"
09:07:15.116 [main] DEBUG org.apache.http.wire -  >> "Content-Type: application/json[\r][\n]"
09:07:15.116 [main] DEBUG org.apache.http.wire -  >> "Content-Length: 184[\r][\n]"
09:07:15.116 [main] DEBUG org.apache.http.wire -  >> "Host: petstore.swagger.io[\r][\n]"
09:07:15.116 [main] DEBUG org.apache.http.wire -  >> "Connection: Keep-Alive[\r][\n]"
09:07:15.117 [main] DEBUG org.apache.http.wire -  >> "User-Agent: Apache-HttpClient/4.5.13 (Java/21.0.5)[\r][\n]"
09:07:15.117 [main] DEBUG org.apache.http.wire -  >> "Accept-Encoding: gzip,deflate[\r][\n]"
09:07:15.118 [main] DEBUG org.apache.http.wire -  >> "[\r][\n]"
09:07:15.118 [main] DEBUG org.apache.http.headers - >> POST /v2/user/garfield.hilll HTTP/1.1
09:07:15.118 [main] DEBUG org.apache.http.headers - >> Accept: application/json, application/javascript, text/javascript, text/json
09:07:15.118 [main] DEBUG org.apache.http.headers - >> Content-Type: application/json
09:07:15.118 [main] DEBUG org.apache.http.headers - >> Content-Length: 184
09:07:15.118 [main] DEBUG org.apache.http.headers - >> Host: petstore.swagger.io
09:07:15.118 [main] DEBUG org.apache.http.headers - >> Connection: Keep-Alive
09:07:15.119 [main] DEBUG org.apache.http.headers - >> User-Agent: Apache-HttpClient/4.5.13 (Java/21.0.5)
09:07:15.119 [main] DEBUG org.apache.http.headers - >> Accept-Encoding: gzip,deflate
09:07:15.119 [main] DEBUG org.apache.http.wire -  >> "{"id":18242360,"username":"garfield.hilll","firstName":"Doris","lastName":"Okuneva","email":"vaughn.kuhlman@example.com","password":"6mezum7og","phone":"1-566-434-6310","userStatus":0}"
09:07:15.422 [main] DEBUG org.apache.http.wire -  << "HTTP/1.1 405 Method Not Allowed[\r][\n]"
09:07:15.422 [main] DEBUG org.apache.http.wire -  << "Date: Sun, 01 Feb 2026 14:07:15 GMT[\r][\n]"
09:07:15.423 [main] DEBUG org.apache.http.wire -  << "Content-Type: application/json[\r][\n]"
09:07:15.423 [main] DEBUG org.apache.http.wire -  << "Transfer-Encoding: chunked[\r][\n]"
09:07:15.423 [main] DEBUG org.apache.http.wire -  << "Connection: keep-alive[\r][\n]"
09:07:15.423 [main] DEBUG org.apache.http.wire -  << "Access-Control-Allow-Origin: *[\r][\n]"
09:07:15.423 [main] DEBUG org.apache.http.wire -  << "Access-Control-Allow-Methods: GET, POST, DELETE, PUT[\r][\n]"
09:07:15.423 [main] DEBUG org.apache.http.wire -  << "Access-Control-Allow-Headers: Content-Type, api_key, Authorization[\r][\n]"
09:07:15.423 [main] DEBUG org.apache.http.wire -  << "Server: Jetty(9.2.9.v20150224)[\r][\n]"
09:07:15.423 [main] DEBUG org.apache.http.wire -  << "[\r][\n]"
09:07:15.423 [main] DEBUG org.apache.http.impl.conn.DefaultClientConnection - Receiving response: HTTP/1.1 405 Method Not Allowed
09:07:15.423 [main] DEBUG org.apache.http.headers - << HTTP/1.1 405 Method Not Allowed
09:07:15.424 [main] DEBUG org.apache.http.headers - << Date: Sun, 01 Feb 2026 14:07:15 GMT
09:07:15.424 [main] DEBUG org.apache.http.headers - << Content-Type: application/json
09:07:15.424 [main] DEBUG org.apache.http.headers - << Transfer-Encoding: chunked
09:07:15.424 [main] DEBUG org.apache.http.headers - << Connection: keep-alive
09:07:15.424 [main] DEBUG org.apache.http.headers - << Access-Control-Allow-Origin: *
09:07:15.424 [main] DEBUG org.apache.http.headers - << Access-Control-Allow-Methods: GET, POST, DELETE, PUT
09:07:15.424 [main] DEBUG org.apache.http.headers - << Access-Control-Allow-Headers: Content-Type, api_key, Authorization
09:07:15.424 [main] DEBUG org.apache.http.headers - << Server: Jetty(9.2.9.v20150224)
09:07:15.425 [main] DEBUG org.apache.http.impl.client.DefaultHttpClient - Connection can be kept alive indefinitely
09:07:15.425 [main] DEBUG io.restassured.internal.RestAssuredHttpBuilder - Parsing response as: application/json
09:07:15.425 [main] DEBUG io.restassured.internal.RestAssuredHttpBuilder - Parsed data to instance of: class org.apache.http.conn.EofSensorInputStream
09:07:15.427 [main] DEBUG org.apache.http.wire -  << "1d[\r][\n]"
09:07:15.427 [main] DEBUG org.apache.http.wire -  << "{"code":405,"type":"unknown"}"
09:07:15.427 [main] DEBUG org.apache.http.wire -  << "[\r][\n]"
09:07:15.427 [main] DEBUG org.apache.http.wire -  << "0[\r][\n]"
09:07:15.427 [main] DEBUG org.apache.http.wire -  << "[\r][\n]"
09:07:15.427 [main] DEBUG org.apache.http.impl.conn.BasicClientConnectionManager - Releasing connection org.apache.http.impl.conn.ManagedClientConnectionImpl@77b22b05
09:07:15.427 [main] DEBUG org.apache.http.impl.conn.BasicClientConnectionManager - Connection can be kept alive indefinitely
09:07:15.439 [main] INFO  api.test.UserTests - ***********************Delete a User***********************
09:07:15.445 [main] DEBUG org.apache.http.impl.conn.BasicClientConnectionManager - Get connection for route {s}->https://petstore.swagger.io:443
09:07:15.446 [main] DEBUG org.apache.http.impl.conn.DefaultClientConnectionOperator - Connecting to petstore.swagger.io:443
09:07:16.665 [main] DEBUG org.apache.http.client.protocol.RequestAddCookies - CookieSpec selected: ignoreCookies
09:07:16.665 [main] DEBUG org.apache.http.client.protocol.RequestAuthCache - Auth cache not set in the context
09:07:16.665 [main] DEBUG org.apache.http.client.protocol.RequestTargetAuthentication - Target auth state: UNCHALLENGED
09:07:16.665 [main] DEBUG org.apache.http.client.protocol.RequestProxyAuthentication - Proxy auth state: UNCHALLENGED
09:07:16.665 [main] DEBUG org.apache.http.impl.client.DefaultHttpClient - Attempt 1 to execute request
09:07:16.665 [main] DEBUG org.apache.http.impl.conn.DefaultClientConnection - Sending request: GET /v2user/garfield.hilll HTTP/1.1
09:07:16.665 [main] DEBUG org.apache.http.wire -  >> "GET /v2user/garfield.hilll HTTP/1.1[\r][\n]"
09:07:16.665 [main] DEBUG org.apache.http.wire -  >> "Accept: */*[\r][\n]"
09:07:16.665 [main] DEBUG org.apache.http.wire -  >> "Host: petstore.swagger.io[\r][\n]"
09:07:16.665 [main] DEBUG org.apache.http.wire -  >> "Connection: Keep-Alive[\r][\n]"
09:07:16.665 [main] DEBUG org.apache.http.wire -  >> "User-Agent: Apache-HttpClient/4.5.13 (Java/21.0.5)[\r][\n]"
09:07:16.665 [main] DEBUG org.apache.http.wire -  >> "Accept-Encoding: gzip,deflate[\r][\n]"
09:07:16.665 [main] DEBUG org.apache.http.wire -  >> "[\r][\n]"
09:07:16.665 [main] DEBUG org.apache.http.headers - >> GET /v2user/garfield.hilll HTTP/1.1
09:07:16.665 [main] DEBUG org.apache.http.headers - >> Accept: */*
09:07:16.666 [main] DEBUG org.apache.http.headers - >> Host: petstore.swagger.io
09:07:16.666 [main] DEBUG org.apache.http.headers - >> Connection: Keep-Alive
09:07:16.666 [main] DEBUG org.apache.http.headers - >> User-Agent: Apache-HttpClient/4.5.13 (Java/21.0.5)
09:07:16.666 [main] DEBUG org.apache.http.headers - >> Accept-Encoding: gzip,deflate
09:07:16.983 [main] DEBUG org.apache.http.wire -  << "HTTP/1.1 404 Not Found[\r][\n]"
09:07:16.984 [main] DEBUG org.apache.http.wire -  << "Date: Sun, 01 Feb 2026 14:07:16 GMT[\r][\n]"
09:07:16.984 [main] DEBUG org.apache.http.wire -  << "Content-Type: text/html[\r][\n]"
09:07:16.984 [main] DEBUG org.apache.http.wire -  << "Transfer-Encoding: chunked[\r][\n]"
09:07:16.984 [main] DEBUG org.apache.http.wire -  << "Connection: keep-alive[\r][\n]"
09:07:16.984 [main] DEBUG org.apache.http.wire -  << "Server: nginx[\r][\n]"
09:07:16.984 [main] DEBUG org.apache.http.wire -  << "Vary: Accept-Encoding[\r][\n]"
09:07:16.984 [main] DEBUG org.apache.http.wire -  << "Access-Control-Allow-Origin: *[\r][\n]"
09:07:16.984 [main] DEBUG org.apache.http.wire -  << "Access-Control-Allow-Methods: GET, POST, OPTIONS[\r][\n]"
09:07:16.984 [main] DEBUG org.apache.http.wire -  << "Access-Control-Allow-Headers: DNT,X-CustomHeader,Keep-Alive,User-Agent,X-Requested-With,If-Modified-Since,Cache-Control,Content-Type[\r][\n]"
09:07:16.984 [main] DEBUG org.apache.http.wire -  << "X-Frame-Options: DENY[\r][\n]"
09:07:16.984 [main] DEBUG org.apache.http.wire -  << "Content-Security-Policy: frame-ancestors 'none'[\r][\n]"
09:07:16.984 [main] DEBUG org.apache.http.wire -  << "Content-Encoding: gzip[\r][\n]"
09:07:16.985 [main] DEBUG org.apache.http.wire -  << "[\r][\n]"
09:07:16.985 [main] DEBUG org.apache.http.impl.conn.DefaultClientConnection - Receiving response: HTTP/1.1 404 Not Found
09:07:16.985 [main] DEBUG org.apache.http.headers - << HTTP/1.1 404 Not Found
09:07:16.985 [main] DEBUG org.apache.http.headers - << Date: Sun, 01 Feb 2026 14:07:16 GMT
09:07:16.985 [main] DEBUG org.apache.http.headers - << Content-Type: text/html
09:07:16.985 [main] DEBUG org.apache.http.headers - << Transfer-Encoding: chunked
09:07:16.985 [main] DEBUG org.apache.http.headers - << Connection: keep-alive
09:07:16.985 [main] DEBUG org.apache.http.headers - << Server: nginx
09:07:16.985 [main] DEBUG org.apache.http.headers - << Vary: Accept-Encoding
09:07:16.985 [main] DEBUG org.apache.http.headers - << Access-Control-Allow-Origin: *
09:07:16.985 [main] DEBUG org.apache.http.headers - << Access-Control-Allow-Methods: GET, POST, OPTIONS
09:07:16.985 [main] DEBUG org.apache.http.headers - << Access-Control-Allow-Headers: DNT,X-CustomHeader,Keep-Alive,User-Agent,X-Requested-With,If-Modified-Since,Cache-Control,Content-Type
09:07:16.985 [main] DEBUG org.apache.http.headers - << X-Frame-Options: DENY
09:07:16.985 [main] DEBUG org.apache.http.headers - << Content-Security-Policy: frame-ancestors 'none'
09:07:16.985 [main] DEBUG org.apache.http.headers - << Content-Encoding: gzip
09:07:16.986 [main] DEBUG org.apache.http.impl.client.DefaultHttpClient - Connection can be kept alive indefinitely
09:07:16.987 [main] DEBUG io.restassured.internal.RestAssuredHttpBuilder - Parsing response as: text/html
09:07:16.987 [main] DEBUG org.apache.http.wire -  << "6b[\r][\n]"
09:07:16.987 [main] DEBUG org.apache.http.wire -  << "[0x1f][0x8b][0x8][0x0][0x0][0x0][0x0][0x0][0x4][0x3][0xb3][0xc9]([0xc9][0xcd][0xb1][0xe3][0xe5][0xb2][0xc9]HML[0xb1][0xb3])[0xc9],[0xc9]I[0xb5]310Q[0xf0][0xcb]/Qp[0xcb]/[0xcd]K[0xb1][0xd1][0x87][0x8][0xda][0xe8][0x83][0x95][0x0][0x95]&[0xe5][0xa7]T[0x82][0xb4]$[0xa7][0xe6][0x95][0xa4][0x16][0xd9][0xd9]d[0x18][0xa2][0xeb][0x0][0x8a][0xd8][0xe8]C[0xa5]Af[0x3][0x15]Ayy[0xe9][0x99]y[0x15][0xc8]r[0xfa]0[0xd3][0xf4][0xa1].[0x1][0x0][0xb][0xd9]a3[0x92][0x0][0x0][0x0]"
09:07:16.987 [main] DEBUG org.apache.http.wire -  << "[\r][\n]"
09:07:16.988 [main] DEBUG org.apache.http.wire -  << "0[\r][\n]"
09:07:16.988 [main] DEBUG org.apache.http.wire -  << "[\r][\n]"
09:07:16.988 [main] DEBUG io.restassured.internal.RestAssuredHttpBuilder - Parsed data to instance of: class org.apache.http.conn.EofSensorInputStream
09:09:11.829 [main] INFO  api.test.UserTests - ********** Creating User ***********
09:09:12.891 [main] DEBUG org.apache.http.impl.conn.BasicClientConnectionManager - Get connection for route {s}->https://petstore.swagger.io:443
09:09:13.025 [main] DEBUG org.apache.http.impl.conn.DefaultClientConnectionOperator - Connecting to petstore.swagger.io:443
09:09:14.469 [main] DEBUG org.apache.http.client.protocol.RequestAddCookies - CookieSpec selected: ignoreCookies
09:09:14.469 [main] DEBUG org.apache.http.client.protocol.RequestAuthCache - Auth cache not set in the context
09:09:14.470 [main] DEBUG org.apache.http.client.protocol.RequestTargetAuthentication - Target auth state: UNCHALLENGED
09:09:14.470 [main] DEBUG org.apache.http.client.protocol.RequestProxyAuthentication - Proxy auth state: UNCHALLENGED
09:09:14.470 [main] DEBUG org.apache.http.impl.client.DefaultHttpClient - Attempt 1 to execute request
09:09:14.470 [main] DEBUG org.apache.http.impl.conn.DefaultClientConnection - Sending request: POST /v2/user HTTP/1.1
09:09:14.470 [main] DEBUG org.apache.http.wire -  >> "POST /v2/user HTTP/1.1[\r][\n]"
09:09:14.475 [main] DEBUG org.apache.http.wire -  >> "Accept: application/json, application/javascript, text/javascript, text/json[\r][\n]"
09:09:14.475 [main] DEBUG org.apache.http.wire -  >> "Content-Type: application/json[\r][\n]"
09:09:14.475 [main] DEBUG org.apache.http.wire -  >> "Content-Length: 193[\r][\n]"
09:09:14.475 [main] DEBUG org.apache.http.wire -  >> "Host: petstore.swagger.io[\r][\n]"
09:09:14.475 [main] DEBUG org.apache.http.wire -  >> "Connection: Keep-Alive[\r][\n]"
09:09:14.475 [main] DEBUG org.apache.http.wire -  >> "User-Agent: Apache-HttpClient/4.5.13 (Java/21.0.5)[\r][\n]"
09:09:14.475 [main] DEBUG org.apache.http.wire -  >> "Accept-Encoding: gzip,deflate[\r][\n]"
09:09:14.475 [main] DEBUG org.apache.http.wire -  >> "[\r][\n]"
09:09:14.475 [main] DEBUG org.apache.http.headers - >> POST /v2/user HTTP/1.1
09:09:14.475 [main] DEBUG org.apache.http.headers - >> Accept: application/json, application/javascript, text/javascript, text/json
09:09:14.476 [main] DEBUG org.apache.http.headers - >> Content-Type: application/json
09:09:14.476 [main] DEBUG org.apache.http.headers - >> Content-Length: 193
09:09:14.476 [main] DEBUG org.apache.http.headers - >> Host: petstore.swagger.io
09:09:14.476 [main] DEBUG org.apache.http.headers - >> Connection: Keep-Alive
09:09:14.476 [main] DEBUG org.apache.http.headers - >> User-Agent: Apache-HttpClient/4.5.13 (Java/21.0.5)
09:09:14.476 [main] DEBUG org.apache.http.headers - >> Accept-Encoding: gzip,deflate
09:09:14.476 [main] DEBUG org.apache.http.wire -  >> "{"id":1786294176,"username":"brianne.pouros","firstName":"Catharine","lastName":"Marquardt","email":"chasity.gutmann@example.com","password":"2rd4o9ta4","phone":"1-274-936-8781","userStatus":0}"
09:09:14.777 [main] DEBUG org.apache.http.wire -  << "HTTP/1.1 200 OK[\r][\n]"
09:09:14.780 [main] DEBUG org.apache.http.wire -  << "Date: Sun, 01 Feb 2026 14:09:14 GMT[\r][\n]"
09:09:14.780 [main] DEBUG org.apache.http.wire -  << "Content-Type: application/json[\r][\n]"
09:09:14.781 [main] DEBUG org.apache.http.wire -  << "Transfer-Encoding: chunked[\r][\n]"
09:09:14.781 [main] DEBUG org.apache.http.wire -  << "Connection: keep-alive[\r][\n]"
09:09:14.781 [main] DEBUG org.apache.http.wire -  << "Access-Control-Allow-Origin: *[\r][\n]"
09:09:14.781 [main] DEBUG org.apache.http.wire -  << "Access-Control-Allow-Methods: GET, POST, DELETE, PUT[\r][\n]"
09:09:14.781 [main] DEBUG org.apache.http.wire -  << "Access-Control-Allow-Headers: Content-Type, api_key, Authorization[\r][\n]"
09:09:14.781 [main] DEBUG org.apache.http.wire -  << "Server: Jetty(9.2.9.v20150224)[\r][\n]"
09:09:14.781 [main] DEBUG org.apache.http.wire -  << "[\r][\n]"
09:09:14.782 [main] DEBUG org.apache.http.impl.conn.DefaultClientConnection - Receiving response: HTTP/1.1 200 OK
09:09:14.782 [main] DEBUG org.apache.http.headers - << HTTP/1.1 200 OK
09:09:14.783 [main] DEBUG org.apache.http.headers - << Date: Sun, 01 Feb 2026 14:09:14 GMT
09:09:14.783 [main] DEBUG org.apache.http.headers - << Content-Type: application/json
09:09:14.784 [main] DEBUG org.apache.http.headers - << Transfer-Encoding: chunked
09:09:14.784 [main] DEBUG org.apache.http.headers - << Connection: keep-alive
09:09:14.784 [main] DEBUG org.apache.http.headers - << Access-Control-Allow-Origin: *
09:09:14.784 [main] DEBUG org.apache.http.headers - << Access-Control-Allow-Methods: GET, POST, DELETE, PUT
09:09:14.784 [main] DEBUG org.apache.http.headers - << Access-Control-Allow-Headers: Content-Type, api_key, Authorization
09:09:14.785 [main] DEBUG org.apache.http.headers - << Server: Jetty(9.2.9.v20150224)
09:09:14.793 [main] DEBUG org.apache.http.impl.client.DefaultHttpClient - Connection can be kept alive indefinitely
09:09:14.799 [main] DEBUG io.restassured.internal.RestAssuredHttpBuilder - Parsing response as: application/json
09:09:14.799 [main] DEBUG io.restassured.internal.RestAssuredHttpBuilder - Parsed data to instance of: class org.apache.http.conn.EofSensorInputStream
09:09:14.821 [main] DEBUG org.apache.http.wire -  << "34[\r][\n]"
09:09:14.821 [main] DEBUG org.apache.http.wire -  << "{"code":200,"type":"unknown","message":"1786294176"}"
09:09:14.821 [main] DEBUG org.apache.http.wire -  << "[\r][\n]"
09:09:14.822 [main] DEBUG org.apache.http.wire -  << "0[\r][\n]"
09:09:14.822 [main] DEBUG org.apache.http.wire -  << "[\r][\n]"
09:09:14.822 [main] DEBUG org.apache.http.impl.conn.BasicClientConnectionManager - Releasing connection org.apache.http.impl.conn.ManagedClientConnectionImpl@2411b935
09:09:14.822 [main] DEBUG org.apache.http.impl.conn.BasicClientConnectionManager - Connection can be kept alive indefinitely
09:09:14.838 [main] INFO  api.test.UserTests - ***********************User is Created***********************
09:09:14.841 [main] INFO  api.test.UserTests - ***********************Read a User***********************
09:09:14.874 [main] DEBUG org.apache.http.impl.conn.BasicClientConnectionManager - Get connection for route {s}->https://petstore.swagger.io:443
09:09:14.875 [main] DEBUG org.apache.http.impl.conn.DefaultClientConnectionOperator - Connecting to petstore.swagger.io:443
09:09:17.313 [main] DEBUG org.apache.http.client.protocol.RequestAddCookies - CookieSpec selected: ignoreCookies
09:09:17.313 [main] DEBUG org.apache.http.client.protocol.RequestAuthCache - Auth cache not set in the context
09:09:17.314 [main] DEBUG org.apache.http.client.protocol.RequestTargetAuthentication - Target auth state: UNCHALLENGED
09:09:17.314 [main] DEBUG org.apache.http.client.protocol.RequestProxyAuthentication - Proxy auth state: UNCHALLENGED
09:09:17.314 [main] DEBUG org.apache.http.impl.client.DefaultHttpClient - Attempt 1 to execute request
09:09:17.315 [main] DEBUG org.apache.http.impl.conn.DefaultClientConnection - Sending request: GET /v2/user/brianne.pouros HTTP/1.1
09:09:17.315 [main] DEBUG org.apache.http.wire -  >> "GET /v2/user/brianne.pouros HTTP/1.1[\r][\n]"
09:09:17.315 [main] DEBUG org.apache.http.wire -  >> "Accept: */*[\r][\n]"
09:09:17.315 [main] DEBUG org.apache.http.wire -  >> "Host: petstore.swagger.io[\r][\n]"
09:09:17.315 [main] DEBUG org.apache.http.wire -  >> "Connection: Keep-Alive[\r][\n]"
09:09:17.315 [main] DEBUG org.apache.http.wire -  >> "User-Agent: Apache-HttpClient/4.5.13 (Java/21.0.5)[\r][\n]"
09:09:17.316 [main] DEBUG org.apache.http.wire -  >> "Accept-Encoding: gzip,deflate[\r][\n]"
09:09:17.316 [main] DEBUG org.apache.http.wire -  >> "[\r][\n]"
09:09:17.316 [main] DEBUG org.apache.http.headers - >> GET /v2/user/brianne.pouros HTTP/1.1
09:09:17.316 [main] DEBUG org.apache.http.headers - >> Accept: */*
09:09:17.316 [main] DEBUG org.apache.http.headers - >> Host: petstore.swagger.io
09:09:17.316 [main] DEBUG org.apache.http.headers - >> Connection: Keep-Alive
09:09:17.316 [main] DEBUG org.apache.http.headers - >> User-Agent: Apache-HttpClient/4.5.13 (Java/21.0.5)
09:09:17.316 [main] DEBUG org.apache.http.headers - >> Accept-Encoding: gzip,deflate
09:09:17.637 [main] DEBUG org.apache.http.wire -  << "HTTP/1.1 200 OK[\r][\n]"
09:09:17.638 [main] DEBUG org.apache.http.wire -  << "Date: Sun, 01 Feb 2026 14:09:17 GMT[\r][\n]"
09:09:17.638 [main] DEBUG org.apache.http.wire -  << "Content-Type: application/json[\r][\n]"
09:09:17.638 [main] DEBUG org.apache.http.wire -  << "Transfer-Encoding: chunked[\r][\n]"
09:09:17.638 [main] DEBUG org.apache.http.wire -  << "Connection: keep-alive[\r][\n]"
